// Jest Snapshot v1, https://goo.gl/fbAQLP

exports[`renders correctly 1`] = `
<ForwardRef(render)
  __EMOTION_LABEL_PLEASE_DO_NOT_USE__="Footer"
  __EMOTION_TYPE_PLEASE_DO_NOT_USE__="div"
  css={
    Object {
      "map": "/*# sourceMappingURL=data:application/json;charset=utf-8;base64,eyJ2ZXJzaW9uIjozLCJzb3VyY2VzIjpbImluZGV4LmpzIl0sIm5hbWVzIjpbXSwibWFwcGluZ3MiOiJBQVl1QiIsImZpbGUiOiJpbmRleC5qcyIsInNvdXJjZXNDb250ZW50IjpbIi8qKiBAanN4IGpzeCAqL1xuaW1wb3J0IHsganN4LCBjc3MgfSBmcm9tICdAZW1vdGlvbi9jb3JlJztcbmltcG9ydCBQcm9wVHlwZXMgZnJvbSAncHJvcC10eXBlcyc7XG5pbXBvcnQgeyBGb250QXdlc29tZUljb24gfSBmcm9tICdAZm9ydGF3ZXNvbWUvcmVhY3QtZm9udGF3ZXNvbWUnO1xuaW1wb3J0IHsgbGlicmFyeSB9IGZyb20gJ0Bmb3J0YXdlc29tZS9mb250YXdlc29tZS1zdmctY29yZSc7XG5pbXBvcnQgeyBmYWIgfSBmcm9tICdAZm9ydGF3ZXNvbWUvZnJlZS1icmFuZHMtc3ZnLWljb25zJztcbmltcG9ydCB7IGZhQXQgfSBmcm9tICdAZm9ydGF3ZXNvbWUvZnJlZS1zb2xpZC1zdmctaWNvbnMnO1xuaW1wb3J0IHsgT3V0Ym91bmRMaW5rIH0gZnJvbSAnZ2F0c2J5LXBsdWdpbi1nb29nbGUtYW5hbHl0aWNzJztcbmltcG9ydCBCb3ggZnJvbSAnLi4vQm94JztcblxubGlicmFyeS5hZGQoZmFiKTtcblxuY29uc3QgZm9vdGVyU3R5bGUgPSBjc3NgXG4gIG1hcmdpbjogMjBweCAwcHg7XG4gIGJvcmRlci10b3A6IDJweCAjMDAwIGRhc2hlZDtcblxuICAmIGEge1xuICAgIGJveC1zaGFkb3c6IG5vbmU7XG4gIH1cblxuICAmIGE6aG92ZXIge1xuICAgIGNvbG9yOiByZ2JhKDAsIDk2LCAxOTMsIDAuMjUpO1xuICB9XG5gO1xuXG5jb25zdCBpY29uU3R5bGVzID0gY3NzYFxuICBtYXJnaW46IDAgMjBweDtcbmA7XG5cbmNvbnN0IEZvb3RlciA9ICh7IG5hbWUsIGVtYWlsLCB0d2l0dGVyLCBpbnN0YWdyYW0sIGxpbmtlZGluLCBnaXRsYWIgfSkgPT4gKFxuICA8ZGl2IGNzcz17Zm9vdGVyU3R5bGV9PlxuICAgIDxCb3ggcHg9e1szLCAzLCAxXX0gYWxpZ249XCJjZW50ZXJcIiBtdD17MjB9PlxuICAgICAgPHNwYW4+e2BDb3B5cmlnaHQgwqkgMjAxOCAke25hbWV9LiBTYXkgaGVsbG8g8J+RiyBgfTwvc3Bhbj5cbiAgICAgIDxPdXRib3VuZExpbmsgaHJlZj17ZW1haWx9IHRhcmdldD1cIl9ibGFua1wiPlxuICAgICAgICA8Rm9udEF3ZXNvbWVJY29uIGljb249e2ZhQXR9IGNzcz17aWNvblN0eWxlc30gLz5cbiAgICAgIDwvT3V0Ym91bmRMaW5rPlxuICAgICAgPE91dGJvdW5kTGluayBocmVmPXt0d2l0dGVyfSB0YXJnZXQ9XCJfYmxhbmtcIj5cbiAgICAgICAgPEZvbnRBd2Vzb21lSWNvbiBpY29uPXtbJ2ZhYicsICd0d2l0dGVyJ119IGNzcz17aWNvblN0eWxlc30gLz5cbiAgICAgIDwvT3V0Ym91bmRMaW5rPlxuICAgICAgPE91dGJvdW5kTGluayBocmVmPXtpbnN0YWdyYW19IHRhcmdldD1cIl9ibGFua1wiPlxuICAgICAgICA8Rm9udEF3ZXNvbWVJY29uIGljb249e1snZmFiJywgJ2luc3RhZ3JhbSddfSBjc3M9e2ljb25TdHlsZXN9IC8+XG4gICAgICA8L091dGJvdW5kTGluaz5cbiAgICAgIDxPdXRib3VuZExpbmsgaHJlZj17bGlua2VkaW59IHRhcmdldD1cIl9ibGFua1wiPlxuICAgICAgICA8Rm9udEF3ZXNvbWVJY29uIGljb249e1snZmFiJywgJ2xpbmtlZGluJ119IGNzcz17aWNvblN0eWxlc30gLz5cbiAgICAgIDwvT3V0Ym91bmRMaW5rPlxuICAgICAgPE91dGJvdW5kTGluayBocmVmPXtnaXRsYWJ9IHRhcmdldD1cIl9ibGFua1wiPlxuICAgICAgICA8Rm9udEF3ZXNvbWVJY29uIGljb249e1snZmFiJywgJ2dpdGxhYiddfSBjc3M9e2ljb25TdHlsZXN9IC8+XG4gICAgICA8L091dGJvdW5kTGluaz5cbiAgICA8L0JveD5cbiAgPC9kaXY+XG4pO1xuXG5Gb290ZXIucHJvcFR5cGVzID0ge1xuICBuYW1lOiBQcm9wVHlwZXMuc3RyaW5nLFxuICBlbWFpbDogUHJvcFR5cGVzLnN0cmluZyxcbiAgdHdpdHRlcjogUHJvcFR5cGVzLnN0cmluZyxcbiAgaW5zdGFncmFtOiBQcm9wVHlwZXMuc3RyaW5nLFxuICBnaXRsYWI6IFByb3BUeXBlcy5zdHJpbmcsXG4gIGxpbmtlZGluOiBQcm9wVHlwZXMuc3RyaW5nXG59O1xuXG5Gb290ZXIuZGVmYXVsdFByb3BzID0ge1xuICBuYW1lOiAnQ2Fyb2xpbmEgR2lsYWJlcnQnLFxuICBlbWFpbDogJ21haWx0bzpjYXJvbGdpbGFiZXJ0QGdtYWlsLmNvbScsXG4gIHR3aXR0ZXI6ICdodHRwczovL3R3aXR0ZXIuY29tL0Nhcm9sU2F5c1RoaW5ncycsXG4gIGluc3RhZ3JhbTogJ2h0dHBzOi8vd3d3Lmluc3RhZ3JhbS5jb20vY2Fyb2xnaWxhYmVydCcsXG4gIGdpdGxhYjogJ2h0dHBzOi8vZ2l0bGFiLmNvbS9jYXJvbGdpbGFiZXJ0JyxcbiAgbGlua2VkaW46ICdodHRwczovL3d3dy5saW5rZWRpbi5jb20vaW4vY2Fyb2xnaWxhYmVydCdcbn07XG5cbmV4cG9ydCBkZWZhdWx0IEZvb3RlcjtcbiJdfQ== */",
      "name": "ueo7ei-footerStyle",
      "styles": "margin:20px 0px;border-top:2px #000 dashed;& a{box-shadow:none;}& a:hover{color:rgba(0,96,193,0.25);}label:footerStyle;",
    }
  }
>
  <Box
    align="center"
    mt={20}
    px={
      Array [
        3,
        3,
        1,
      ]
    }
  >
    <span>
      Copyright Â© 2018 Carolina Gilabert. Say hello ðŸ‘‹ 
    </span>
    <OutboundLink
      href="mailto:carolgilabert@gmail.com"
      target="_blank"
    >
      <ForwardRef(render)
        __EMOTION_LABEL_PLEASE_DO_NOT_USE__="Footer"
        __EMOTION_TYPE_PLEASE_DO_NOT_USE__={[Function]}
        css={
          Object {
            "map": "/*# sourceMappingURL=data:application/json;charset=utf-8;base64,eyJ2ZXJzaW9uIjozLCJzb3VyY2VzIjpbImluZGV4LmpzIl0sIm5hbWVzIjpbXSwibWFwcGluZ3MiOiJBQXlCc0IiLCJmaWxlIjoiaW5kZXguanMiLCJzb3VyY2VzQ29udGVudCI6WyIvKiogQGpzeCBqc3ggKi9cbmltcG9ydCB7IGpzeCwgY3NzIH0gZnJvbSAnQGVtb3Rpb24vY29yZSc7XG5pbXBvcnQgUHJvcFR5cGVzIGZyb20gJ3Byb3AtdHlwZXMnO1xuaW1wb3J0IHsgRm9udEF3ZXNvbWVJY29uIH0gZnJvbSAnQGZvcnRhd2Vzb21lL3JlYWN0LWZvbnRhd2Vzb21lJztcbmltcG9ydCB7IGxpYnJhcnkgfSBmcm9tICdAZm9ydGF3ZXNvbWUvZm9udGF3ZXNvbWUtc3ZnLWNvcmUnO1xuaW1wb3J0IHsgZmFiIH0gZnJvbSAnQGZvcnRhd2Vzb21lL2ZyZWUtYnJhbmRzLXN2Zy1pY29ucyc7XG5pbXBvcnQgeyBmYUF0IH0gZnJvbSAnQGZvcnRhd2Vzb21lL2ZyZWUtc29saWQtc3ZnLWljb25zJztcbmltcG9ydCB7IE91dGJvdW5kTGluayB9IGZyb20gJ2dhdHNieS1wbHVnaW4tZ29vZ2xlLWFuYWx5dGljcyc7XG5pbXBvcnQgQm94IGZyb20gJy4uL0JveCc7XG5cbmxpYnJhcnkuYWRkKGZhYik7XG5cbmNvbnN0IGZvb3RlclN0eWxlID0gY3NzYFxuICBtYXJnaW46IDIwcHggMHB4O1xuICBib3JkZXItdG9wOiAycHggIzAwMCBkYXNoZWQ7XG5cbiAgJiBhIHtcbiAgICBib3gtc2hhZG93OiBub25lO1xuICB9XG5cbiAgJiBhOmhvdmVyIHtcbiAgICBjb2xvcjogcmdiYSgwLCA5NiwgMTkzLCAwLjI1KTtcbiAgfVxuYDtcblxuY29uc3QgaWNvblN0eWxlcyA9IGNzc2BcbiAgbWFyZ2luOiAwIDIwcHg7XG5gO1xuXG5jb25zdCBGb290ZXIgPSAoeyBuYW1lLCBlbWFpbCwgdHdpdHRlciwgaW5zdGFncmFtLCBsaW5rZWRpbiwgZ2l0bGFiIH0pID0+IChcbiAgPGRpdiBjc3M9e2Zvb3RlclN0eWxlfT5cbiAgICA8Qm94IHB4PXtbMywgMywgMV19IGFsaWduPVwiY2VudGVyXCIgbXQ9ezIwfT5cbiAgICAgIDxzcGFuPntgQ29weXJpZ2h0IMKpIDIwMTggJHtuYW1lfS4gU2F5IGhlbGxvIPCfkYsgYH08L3NwYW4+XG4gICAgICA8T3V0Ym91bmRMaW5rIGhyZWY9e2VtYWlsfSB0YXJnZXQ9XCJfYmxhbmtcIj5cbiAgICAgICAgPEZvbnRBd2Vzb21lSWNvbiBpY29uPXtmYUF0fSBjc3M9e2ljb25TdHlsZXN9IC8+XG4gICAgICA8L091dGJvdW5kTGluaz5cbiAgICAgIDxPdXRib3VuZExpbmsgaHJlZj17dHdpdHRlcn0gdGFyZ2V0PVwiX2JsYW5rXCI+XG4gICAgICAgIDxGb250QXdlc29tZUljb24gaWNvbj17WydmYWInLCAndHdpdHRlciddfSBjc3M9e2ljb25TdHlsZXN9IC8+XG4gICAgICA8L091dGJvdW5kTGluaz5cbiAgICAgIDxPdXRib3VuZExpbmsgaHJlZj17aW5zdGFncmFtfSB0YXJnZXQ9XCJfYmxhbmtcIj5cbiAgICAgICAgPEZvbnRBd2Vzb21lSWNvbiBpY29uPXtbJ2ZhYicsICdpbnN0YWdyYW0nXX0gY3NzPXtpY29uU3R5bGVzfSAvPlxuICAgICAgPC9PdXRib3VuZExpbms+XG4gICAgICA8T3V0Ym91bmRMaW5rIGhyZWY9e2xpbmtlZGlufSB0YXJnZXQ9XCJfYmxhbmtcIj5cbiAgICAgICAgPEZvbnRBd2Vzb21lSWNvbiBpY29uPXtbJ2ZhYicsICdsaW5rZWRpbiddfSBjc3M9e2ljb25TdHlsZXN9IC8+XG4gICAgICA8L091dGJvdW5kTGluaz5cbiAgICAgIDxPdXRib3VuZExpbmsgaHJlZj17Z2l0bGFifSB0YXJnZXQ9XCJfYmxhbmtcIj5cbiAgICAgICAgPEZvbnRBd2Vzb21lSWNvbiBpY29uPXtbJ2ZhYicsICdnaXRsYWInXX0gY3NzPXtpY29uU3R5bGVzfSAvPlxuICAgICAgPC9PdXRib3VuZExpbms+XG4gICAgPC9Cb3g+XG4gIDwvZGl2PlxuKTtcblxuRm9vdGVyLnByb3BUeXBlcyA9IHtcbiAgbmFtZTogUHJvcFR5cGVzLnN0cmluZyxcbiAgZW1haWw6IFByb3BUeXBlcy5zdHJpbmcsXG4gIHR3aXR0ZXI6IFByb3BUeXBlcy5zdHJpbmcsXG4gIGluc3RhZ3JhbTogUHJvcFR5cGVzLnN0cmluZyxcbiAgZ2l0bGFiOiBQcm9wVHlwZXMuc3RyaW5nLFxuICBsaW5rZWRpbjogUHJvcFR5cGVzLnN0cmluZ1xufTtcblxuRm9vdGVyLmRlZmF1bHRQcm9wcyA9IHtcbiAgbmFtZTogJ0Nhcm9saW5hIEdpbGFiZXJ0JyxcbiAgZW1haWw6ICdtYWlsdG86Y2Fyb2xnaWxhYmVydEBnbWFpbC5jb20nLFxuICB0d2l0dGVyOiAnaHR0cHM6Ly90d2l0dGVyLmNvbS9DYXJvbFNheXNUaGluZ3MnLFxuICBpbnN0YWdyYW06ICdodHRwczovL3d3dy5pbnN0YWdyYW0uY29tL2Nhcm9sZ2lsYWJlcnQnLFxuICBnaXRsYWI6ICdodHRwczovL2dpdGxhYi5jb20vY2Fyb2xnaWxhYmVydCcsXG4gIGxpbmtlZGluOiAnaHR0cHM6Ly93d3cubGlua2VkaW4uY29tL2luL2Nhcm9sZ2lsYWJlcnQnXG59O1xuXG5leHBvcnQgZGVmYXVsdCBGb290ZXI7XG4iXX0= */",
            "name": "1lvq3h1-iconStyles",
            "styles": "margin:0 20px;label:iconStyles;",
          }
        }
        icon={
          Object {
            "icon": Array [
              512,
              512,
              Array [],
              "f1fa",
              "M256 8C118.941 8 8 118.919 8 256c0 137.059 110.919 248 248 248 48.154 0 95.342-14.14 135.408-40.223 12.005-7.815 14.625-24.288 5.552-35.372l-10.177-12.433c-7.671-9.371-21.179-11.667-31.373-5.129C325.92 429.757 291.314 440 256 440c-101.458 0-184-82.542-184-184S154.542 72 256 72c100.139 0 184 57.619 184 160 0 38.786-21.093 79.742-58.17 83.693-17.349-.454-16.91-12.857-13.476-30.024l23.433-121.11C394.653 149.75 383.308 136 368.225 136h-44.981a13.518 13.518 0 0 0-13.432 11.993l-.01.092c-14.697-17.901-40.448-21.775-59.971-21.775-74.58 0-137.831 62.234-137.831 151.46 0 65.303 36.785 105.87 96 105.87 26.984 0 57.369-15.637 74.991-38.333 9.522 34.104 40.613 34.103 70.71 34.103C462.609 379.41 504 307.798 504 232 504 95.653 394.023 8 256 8zm-21.68 304.43c-22.249 0-36.07-15.623-36.07-40.771 0-44.993 30.779-72.729 58.63-72.729 22.292 0 35.601 15.241 35.601 40.77 0 45.061-33.875 72.73-58.161 72.73z",
            ],
            "iconName": "at",
            "prefix": "fas",
          }
        }
      />
    </OutboundLink>
    <OutboundLink
      href="https://twitter.com/CarolSaysThings"
      target="_blank"
    >
      <ForwardRef(render)
        __EMOTION_LABEL_PLEASE_DO_NOT_USE__="Footer"
        __EMOTION_TYPE_PLEASE_DO_NOT_USE__={[Function]}
        css={
          Object {
            "map": "/*# sourceMappingURL=data:application/json;charset=utf-8;base64,eyJ2ZXJzaW9uIjozLCJzb3VyY2VzIjpbImluZGV4LmpzIl0sIm5hbWVzIjpbXSwibWFwcGluZ3MiOiJBQXlCc0IiLCJmaWxlIjoiaW5kZXguanMiLCJzb3VyY2VzQ29udGVudCI6WyIvKiogQGpzeCBqc3ggKi9cbmltcG9ydCB7IGpzeCwgY3NzIH0gZnJvbSAnQGVtb3Rpb24vY29yZSc7XG5pbXBvcnQgUHJvcFR5cGVzIGZyb20gJ3Byb3AtdHlwZXMnO1xuaW1wb3J0IHsgRm9udEF3ZXNvbWVJY29uIH0gZnJvbSAnQGZvcnRhd2Vzb21lL3JlYWN0LWZvbnRhd2Vzb21lJztcbmltcG9ydCB7IGxpYnJhcnkgfSBmcm9tICdAZm9ydGF3ZXNvbWUvZm9udGF3ZXNvbWUtc3ZnLWNvcmUnO1xuaW1wb3J0IHsgZmFiIH0gZnJvbSAnQGZvcnRhd2Vzb21lL2ZyZWUtYnJhbmRzLXN2Zy1pY29ucyc7XG5pbXBvcnQgeyBmYUF0IH0gZnJvbSAnQGZvcnRhd2Vzb21lL2ZyZWUtc29saWQtc3ZnLWljb25zJztcbmltcG9ydCB7IE91dGJvdW5kTGluayB9IGZyb20gJ2dhdHNieS1wbHVnaW4tZ29vZ2xlLWFuYWx5dGljcyc7XG5pbXBvcnQgQm94IGZyb20gJy4uL0JveCc7XG5cbmxpYnJhcnkuYWRkKGZhYik7XG5cbmNvbnN0IGZvb3RlclN0eWxlID0gY3NzYFxuICBtYXJnaW46IDIwcHggMHB4O1xuICBib3JkZXItdG9wOiAycHggIzAwMCBkYXNoZWQ7XG5cbiAgJiBhIHtcbiAgICBib3gtc2hhZG93OiBub25lO1xuICB9XG5cbiAgJiBhOmhvdmVyIHtcbiAgICBjb2xvcjogcmdiYSgwLCA5NiwgMTkzLCAwLjI1KTtcbiAgfVxuYDtcblxuY29uc3QgaWNvblN0eWxlcyA9IGNzc2BcbiAgbWFyZ2luOiAwIDIwcHg7XG5gO1xuXG5jb25zdCBGb290ZXIgPSAoeyBuYW1lLCBlbWFpbCwgdHdpdHRlciwgaW5zdGFncmFtLCBsaW5rZWRpbiwgZ2l0bGFiIH0pID0+IChcbiAgPGRpdiBjc3M9e2Zvb3RlclN0eWxlfT5cbiAgICA8Qm94IHB4PXtbMywgMywgMV19IGFsaWduPVwiY2VudGVyXCIgbXQ9ezIwfT5cbiAgICAgIDxzcGFuPntgQ29weXJpZ2h0IMKpIDIwMTggJHtuYW1lfS4gU2F5IGhlbGxvIPCfkYsgYH08L3NwYW4+XG4gICAgICA8T3V0Ym91bmRMaW5rIGhyZWY9e2VtYWlsfSB0YXJnZXQ9XCJfYmxhbmtcIj5cbiAgICAgICAgPEZvbnRBd2Vzb21lSWNvbiBpY29uPXtmYUF0fSBjc3M9e2ljb25TdHlsZXN9IC8+XG4gICAgICA8L091dGJvdW5kTGluaz5cbiAgICAgIDxPdXRib3VuZExpbmsgaHJlZj17dHdpdHRlcn0gdGFyZ2V0PVwiX2JsYW5rXCI+XG4gICAgICAgIDxGb250QXdlc29tZUljb24gaWNvbj17WydmYWInLCAndHdpdHRlciddfSBjc3M9e2ljb25TdHlsZXN9IC8+XG4gICAgICA8L091dGJvdW5kTGluaz5cbiAgICAgIDxPdXRib3VuZExpbmsgaHJlZj17aW5zdGFncmFtfSB0YXJnZXQ9XCJfYmxhbmtcIj5cbiAgICAgICAgPEZvbnRBd2Vzb21lSWNvbiBpY29uPXtbJ2ZhYicsICdpbnN0YWdyYW0nXX0gY3NzPXtpY29uU3R5bGVzfSAvPlxuICAgICAgPC9PdXRib3VuZExpbms+XG4gICAgICA8T3V0Ym91bmRMaW5rIGhyZWY9e2xpbmtlZGlufSB0YXJnZXQ9XCJfYmxhbmtcIj5cbiAgICAgICAgPEZvbnRBd2Vzb21lSWNvbiBpY29uPXtbJ2ZhYicsICdsaW5rZWRpbiddfSBjc3M9e2ljb25TdHlsZXN9IC8+XG4gICAgICA8L091dGJvdW5kTGluaz5cbiAgICAgIDxPdXRib3VuZExpbmsgaHJlZj17Z2l0bGFifSB0YXJnZXQ9XCJfYmxhbmtcIj5cbiAgICAgICAgPEZvbnRBd2Vzb21lSWNvbiBpY29uPXtbJ2ZhYicsICdnaXRsYWInXX0gY3NzPXtpY29uU3R5bGVzfSAvPlxuICAgICAgPC9PdXRib3VuZExpbms+XG4gICAgPC9Cb3g+XG4gIDwvZGl2PlxuKTtcblxuRm9vdGVyLnByb3BUeXBlcyA9IHtcbiAgbmFtZTogUHJvcFR5cGVzLnN0cmluZyxcbiAgZW1haWw6IFByb3BUeXBlcy5zdHJpbmcsXG4gIHR3aXR0ZXI6IFByb3BUeXBlcy5zdHJpbmcsXG4gIGluc3RhZ3JhbTogUHJvcFR5cGVzLnN0cmluZyxcbiAgZ2l0bGFiOiBQcm9wVHlwZXMuc3RyaW5nLFxuICBsaW5rZWRpbjogUHJvcFR5cGVzLnN0cmluZ1xufTtcblxuRm9vdGVyLmRlZmF1bHRQcm9wcyA9IHtcbiAgbmFtZTogJ0Nhcm9saW5hIEdpbGFiZXJ0JyxcbiAgZW1haWw6ICdtYWlsdG86Y2Fyb2xnaWxhYmVydEBnbWFpbC5jb20nLFxuICB0d2l0dGVyOiAnaHR0cHM6Ly90d2l0dGVyLmNvbS9DYXJvbFNheXNUaGluZ3MnLFxuICBpbnN0YWdyYW06ICdodHRwczovL3d3dy5pbnN0YWdyYW0uY29tL2Nhcm9sZ2lsYWJlcnQnLFxuICBnaXRsYWI6ICdodHRwczovL2dpdGxhYi5jb20vY2Fyb2xnaWxhYmVydCcsXG4gIGxpbmtlZGluOiAnaHR0cHM6Ly93d3cubGlua2VkaW4uY29tL2luL2Nhcm9sZ2lsYWJlcnQnXG59O1xuXG5leHBvcnQgZGVmYXVsdCBGb290ZXI7XG4iXX0= */",
            "name": "1lvq3h1-iconStyles",
            "styles": "margin:0 20px;label:iconStyles;",
          }
        }
        icon={
          Array [
            "fab",
            "twitter",
          ]
        }
      />
    </OutboundLink>
    <OutboundLink
      href="https://www.instagram.com/carolgilabert"
      target="_blank"
    >
      <ForwardRef(render)
        __EMOTION_LABEL_PLEASE_DO_NOT_USE__="Footer"
        __EMOTION_TYPE_PLEASE_DO_NOT_USE__={[Function]}
        css={
          Object {
            "map": "/*# sourceMappingURL=data:application/json;charset=utf-8;base64,eyJ2ZXJzaW9uIjozLCJzb3VyY2VzIjpbImluZGV4LmpzIl0sIm5hbWVzIjpbXSwibWFwcGluZ3MiOiJBQXlCc0IiLCJmaWxlIjoiaW5kZXguanMiLCJzb3VyY2VzQ29udGVudCI6WyIvKiogQGpzeCBqc3ggKi9cbmltcG9ydCB7IGpzeCwgY3NzIH0gZnJvbSAnQGVtb3Rpb24vY29yZSc7XG5pbXBvcnQgUHJvcFR5cGVzIGZyb20gJ3Byb3AtdHlwZXMnO1xuaW1wb3J0IHsgRm9udEF3ZXNvbWVJY29uIH0gZnJvbSAnQGZvcnRhd2Vzb21lL3JlYWN0LWZvbnRhd2Vzb21lJztcbmltcG9ydCB7IGxpYnJhcnkgfSBmcm9tICdAZm9ydGF3ZXNvbWUvZm9udGF3ZXNvbWUtc3ZnLWNvcmUnO1xuaW1wb3J0IHsgZmFiIH0gZnJvbSAnQGZvcnRhd2Vzb21lL2ZyZWUtYnJhbmRzLXN2Zy1pY29ucyc7XG5pbXBvcnQgeyBmYUF0IH0gZnJvbSAnQGZvcnRhd2Vzb21lL2ZyZWUtc29saWQtc3ZnLWljb25zJztcbmltcG9ydCB7IE91dGJvdW5kTGluayB9IGZyb20gJ2dhdHNieS1wbHVnaW4tZ29vZ2xlLWFuYWx5dGljcyc7XG5pbXBvcnQgQm94IGZyb20gJy4uL0JveCc7XG5cbmxpYnJhcnkuYWRkKGZhYik7XG5cbmNvbnN0IGZvb3RlclN0eWxlID0gY3NzYFxuICBtYXJnaW46IDIwcHggMHB4O1xuICBib3JkZXItdG9wOiAycHggIzAwMCBkYXNoZWQ7XG5cbiAgJiBhIHtcbiAgICBib3gtc2hhZG93OiBub25lO1xuICB9XG5cbiAgJiBhOmhvdmVyIHtcbiAgICBjb2xvcjogcmdiYSgwLCA5NiwgMTkzLCAwLjI1KTtcbiAgfVxuYDtcblxuY29uc3QgaWNvblN0eWxlcyA9IGNzc2BcbiAgbWFyZ2luOiAwIDIwcHg7XG5gO1xuXG5jb25zdCBGb290ZXIgPSAoeyBuYW1lLCBlbWFpbCwgdHdpdHRlciwgaW5zdGFncmFtLCBsaW5rZWRpbiwgZ2l0bGFiIH0pID0+IChcbiAgPGRpdiBjc3M9e2Zvb3RlclN0eWxlfT5cbiAgICA8Qm94IHB4PXtbMywgMywgMV19IGFsaWduPVwiY2VudGVyXCIgbXQ9ezIwfT5cbiAgICAgIDxzcGFuPntgQ29weXJpZ2h0IMKpIDIwMTggJHtuYW1lfS4gU2F5IGhlbGxvIPCfkYsgYH08L3NwYW4+XG4gICAgICA8T3V0Ym91bmRMaW5rIGhyZWY9e2VtYWlsfSB0YXJnZXQ9XCJfYmxhbmtcIj5cbiAgICAgICAgPEZvbnRBd2Vzb21lSWNvbiBpY29uPXtmYUF0fSBjc3M9e2ljb25TdHlsZXN9IC8+XG4gICAgICA8L091dGJvdW5kTGluaz5cbiAgICAgIDxPdXRib3VuZExpbmsgaHJlZj17dHdpdHRlcn0gdGFyZ2V0PVwiX2JsYW5rXCI+XG4gICAgICAgIDxGb250QXdlc29tZUljb24gaWNvbj17WydmYWInLCAndHdpdHRlciddfSBjc3M9e2ljb25TdHlsZXN9IC8+XG4gICAgICA8L091dGJvdW5kTGluaz5cbiAgICAgIDxPdXRib3VuZExpbmsgaHJlZj17aW5zdGFncmFtfSB0YXJnZXQ9XCJfYmxhbmtcIj5cbiAgICAgICAgPEZvbnRBd2Vzb21lSWNvbiBpY29uPXtbJ2ZhYicsICdpbnN0YWdyYW0nXX0gY3NzPXtpY29uU3R5bGVzfSAvPlxuICAgICAgPC9PdXRib3VuZExpbms+XG4gICAgICA8T3V0Ym91bmRMaW5rIGhyZWY9e2xpbmtlZGlufSB0YXJnZXQ9XCJfYmxhbmtcIj5cbiAgICAgICAgPEZvbnRBd2Vzb21lSWNvbiBpY29uPXtbJ2ZhYicsICdsaW5rZWRpbiddfSBjc3M9e2ljb25TdHlsZXN9IC8+XG4gICAgICA8L091dGJvdW5kTGluaz5cbiAgICAgIDxPdXRib3VuZExpbmsgaHJlZj17Z2l0bGFifSB0YXJnZXQ9XCJfYmxhbmtcIj5cbiAgICAgICAgPEZvbnRBd2Vzb21lSWNvbiBpY29uPXtbJ2ZhYicsICdnaXRsYWInXX0gY3NzPXtpY29uU3R5bGVzfSAvPlxuICAgICAgPC9PdXRib3VuZExpbms+XG4gICAgPC9Cb3g+XG4gIDwvZGl2PlxuKTtcblxuRm9vdGVyLnByb3BUeXBlcyA9IHtcbiAgbmFtZTogUHJvcFR5cGVzLnN0cmluZyxcbiAgZW1haWw6IFByb3BUeXBlcy5zdHJpbmcsXG4gIHR3aXR0ZXI6IFByb3BUeXBlcy5zdHJpbmcsXG4gIGluc3RhZ3JhbTogUHJvcFR5cGVzLnN0cmluZyxcbiAgZ2l0bGFiOiBQcm9wVHlwZXMuc3RyaW5nLFxuICBsaW5rZWRpbjogUHJvcFR5cGVzLnN0cmluZ1xufTtcblxuRm9vdGVyLmRlZmF1bHRQcm9wcyA9IHtcbiAgbmFtZTogJ0Nhcm9saW5hIEdpbGFiZXJ0JyxcbiAgZW1haWw6ICdtYWlsdG86Y2Fyb2xnaWxhYmVydEBnbWFpbC5jb20nLFxuICB0d2l0dGVyOiAnaHR0cHM6Ly90d2l0dGVyLmNvbS9DYXJvbFNheXNUaGluZ3MnLFxuICBpbnN0YWdyYW06ICdodHRwczovL3d3dy5pbnN0YWdyYW0uY29tL2Nhcm9sZ2lsYWJlcnQnLFxuICBnaXRsYWI6ICdodHRwczovL2dpdGxhYi5jb20vY2Fyb2xnaWxhYmVydCcsXG4gIGxpbmtlZGluOiAnaHR0cHM6Ly93d3cubGlua2VkaW4uY29tL2luL2Nhcm9sZ2lsYWJlcnQnXG59O1xuXG5leHBvcnQgZGVmYXVsdCBGb290ZXI7XG4iXX0= */",
            "name": "1lvq3h1-iconStyles",
            "styles": "margin:0 20px;label:iconStyles;",
          }
        }
        icon={
          Array [
            "fab",
            "instagram",
          ]
        }
      />
    </OutboundLink>
    <OutboundLink
      href="https://www.linkedin.com/in/carolgilabert"
      target="_blank"
    >
      <ForwardRef(render)
        __EMOTION_LABEL_PLEASE_DO_NOT_USE__="Footer"
        __EMOTION_TYPE_PLEASE_DO_NOT_USE__={[Function]}
        css={
          Object {
            "map": "/*# sourceMappingURL=data:application/json;charset=utf-8;base64,eyJ2ZXJzaW9uIjozLCJzb3VyY2VzIjpbImluZGV4LmpzIl0sIm5hbWVzIjpbXSwibWFwcGluZ3MiOiJBQXlCc0IiLCJmaWxlIjoiaW5kZXguanMiLCJzb3VyY2VzQ29udGVudCI6WyIvKiogQGpzeCBqc3ggKi9cbmltcG9ydCB7IGpzeCwgY3NzIH0gZnJvbSAnQGVtb3Rpb24vY29yZSc7XG5pbXBvcnQgUHJvcFR5cGVzIGZyb20gJ3Byb3AtdHlwZXMnO1xuaW1wb3J0IHsgRm9udEF3ZXNvbWVJY29uIH0gZnJvbSAnQGZvcnRhd2Vzb21lL3JlYWN0LWZvbnRhd2Vzb21lJztcbmltcG9ydCB7IGxpYnJhcnkgfSBmcm9tICdAZm9ydGF3ZXNvbWUvZm9udGF3ZXNvbWUtc3ZnLWNvcmUnO1xuaW1wb3J0IHsgZmFiIH0gZnJvbSAnQGZvcnRhd2Vzb21lL2ZyZWUtYnJhbmRzLXN2Zy1pY29ucyc7XG5pbXBvcnQgeyBmYUF0IH0gZnJvbSAnQGZvcnRhd2Vzb21lL2ZyZWUtc29saWQtc3ZnLWljb25zJztcbmltcG9ydCB7IE91dGJvdW5kTGluayB9IGZyb20gJ2dhdHNieS1wbHVnaW4tZ29vZ2xlLWFuYWx5dGljcyc7XG5pbXBvcnQgQm94IGZyb20gJy4uL0JveCc7XG5cbmxpYnJhcnkuYWRkKGZhYik7XG5cbmNvbnN0IGZvb3RlclN0eWxlID0gY3NzYFxuICBtYXJnaW46IDIwcHggMHB4O1xuICBib3JkZXItdG9wOiAycHggIzAwMCBkYXNoZWQ7XG5cbiAgJiBhIHtcbiAgICBib3gtc2hhZG93OiBub25lO1xuICB9XG5cbiAgJiBhOmhvdmVyIHtcbiAgICBjb2xvcjogcmdiYSgwLCA5NiwgMTkzLCAwLjI1KTtcbiAgfVxuYDtcblxuY29uc3QgaWNvblN0eWxlcyA9IGNzc2BcbiAgbWFyZ2luOiAwIDIwcHg7XG5gO1xuXG5jb25zdCBGb290ZXIgPSAoeyBuYW1lLCBlbWFpbCwgdHdpdHRlciwgaW5zdGFncmFtLCBsaW5rZWRpbiwgZ2l0bGFiIH0pID0+IChcbiAgPGRpdiBjc3M9e2Zvb3RlclN0eWxlfT5cbiAgICA8Qm94IHB4PXtbMywgMywgMV19IGFsaWduPVwiY2VudGVyXCIgbXQ9ezIwfT5cbiAgICAgIDxzcGFuPntgQ29weXJpZ2h0IMKpIDIwMTggJHtuYW1lfS4gU2F5IGhlbGxvIPCfkYsgYH08L3NwYW4+XG4gICAgICA8T3V0Ym91bmRMaW5rIGhyZWY9e2VtYWlsfSB0YXJnZXQ9XCJfYmxhbmtcIj5cbiAgICAgICAgPEZvbnRBd2Vzb21lSWNvbiBpY29uPXtmYUF0fSBjc3M9e2ljb25TdHlsZXN9IC8+XG4gICAgICA8L091dGJvdW5kTGluaz5cbiAgICAgIDxPdXRib3VuZExpbmsgaHJlZj17dHdpdHRlcn0gdGFyZ2V0PVwiX2JsYW5rXCI+XG4gICAgICAgIDxGb250QXdlc29tZUljb24gaWNvbj17WydmYWInLCAndHdpdHRlciddfSBjc3M9e2ljb25TdHlsZXN9IC8+XG4gICAgICA8L091dGJvdW5kTGluaz5cbiAgICAgIDxPdXRib3VuZExpbmsgaHJlZj17aW5zdGFncmFtfSB0YXJnZXQ9XCJfYmxhbmtcIj5cbiAgICAgICAgPEZvbnRBd2Vzb21lSWNvbiBpY29uPXtbJ2ZhYicsICdpbnN0YWdyYW0nXX0gY3NzPXtpY29uU3R5bGVzfSAvPlxuICAgICAgPC9PdXRib3VuZExpbms+XG4gICAgICA8T3V0Ym91bmRMaW5rIGhyZWY9e2xpbmtlZGlufSB0YXJnZXQ9XCJfYmxhbmtcIj5cbiAgICAgICAgPEZvbnRBd2Vzb21lSWNvbiBpY29uPXtbJ2ZhYicsICdsaW5rZWRpbiddfSBjc3M9e2ljb25TdHlsZXN9IC8+XG4gICAgICA8L091dGJvdW5kTGluaz5cbiAgICAgIDxPdXRib3VuZExpbmsgaHJlZj17Z2l0bGFifSB0YXJnZXQ9XCJfYmxhbmtcIj5cbiAgICAgICAgPEZvbnRBd2Vzb21lSWNvbiBpY29uPXtbJ2ZhYicsICdnaXRsYWInXX0gY3NzPXtpY29uU3R5bGVzfSAvPlxuICAgICAgPC9PdXRib3VuZExpbms+XG4gICAgPC9Cb3g+XG4gIDwvZGl2PlxuKTtcblxuRm9vdGVyLnByb3BUeXBlcyA9IHtcbiAgbmFtZTogUHJvcFR5cGVzLnN0cmluZyxcbiAgZW1haWw6IFByb3BUeXBlcy5zdHJpbmcsXG4gIHR3aXR0ZXI6IFByb3BUeXBlcy5zdHJpbmcsXG4gIGluc3RhZ3JhbTogUHJvcFR5cGVzLnN0cmluZyxcbiAgZ2l0bGFiOiBQcm9wVHlwZXMuc3RyaW5nLFxuICBsaW5rZWRpbjogUHJvcFR5cGVzLnN0cmluZ1xufTtcblxuRm9vdGVyLmRlZmF1bHRQcm9wcyA9IHtcbiAgbmFtZTogJ0Nhcm9saW5hIEdpbGFiZXJ0JyxcbiAgZW1haWw6ICdtYWlsdG86Y2Fyb2xnaWxhYmVydEBnbWFpbC5jb20nLFxuICB0d2l0dGVyOiAnaHR0cHM6Ly90d2l0dGVyLmNvbS9DYXJvbFNheXNUaGluZ3MnLFxuICBpbnN0YWdyYW06ICdodHRwczovL3d3dy5pbnN0YWdyYW0uY29tL2Nhcm9sZ2lsYWJlcnQnLFxuICBnaXRsYWI6ICdodHRwczovL2dpdGxhYi5jb20vY2Fyb2xnaWxhYmVydCcsXG4gIGxpbmtlZGluOiAnaHR0cHM6Ly93d3cubGlua2VkaW4uY29tL2luL2Nhcm9sZ2lsYWJlcnQnXG59O1xuXG5leHBvcnQgZGVmYXVsdCBGb290ZXI7XG4iXX0= */",
            "name": "1lvq3h1-iconStyles",
            "styles": "margin:0 20px;label:iconStyles;",
          }
        }
        icon={
          Array [
            "fab",
            "linkedin",
          ]
        }
      />
    </OutboundLink>
    <OutboundLink
      href="https://gitlab.com/carolgilabert"
      target="_blank"
    >
      <ForwardRef(render)
        __EMOTION_LABEL_PLEASE_DO_NOT_USE__="Footer"
        __EMOTION_TYPE_PLEASE_DO_NOT_USE__={[Function]}
        css={
          Object {
            "map": "/*# sourceMappingURL=data:application/json;charset=utf-8;base64,eyJ2ZXJzaW9uIjozLCJzb3VyY2VzIjpbImluZGV4LmpzIl0sIm5hbWVzIjpbXSwibWFwcGluZ3MiOiJBQXlCc0IiLCJmaWxlIjoiaW5kZXguanMiLCJzb3VyY2VzQ29udGVudCI6WyIvKiogQGpzeCBqc3ggKi9cbmltcG9ydCB7IGpzeCwgY3NzIH0gZnJvbSAnQGVtb3Rpb24vY29yZSc7XG5pbXBvcnQgUHJvcFR5cGVzIGZyb20gJ3Byb3AtdHlwZXMnO1xuaW1wb3J0IHsgRm9udEF3ZXNvbWVJY29uIH0gZnJvbSAnQGZvcnRhd2Vzb21lL3JlYWN0LWZvbnRhd2Vzb21lJztcbmltcG9ydCB7IGxpYnJhcnkgfSBmcm9tICdAZm9ydGF3ZXNvbWUvZm9udGF3ZXNvbWUtc3ZnLWNvcmUnO1xuaW1wb3J0IHsgZmFiIH0gZnJvbSAnQGZvcnRhd2Vzb21lL2ZyZWUtYnJhbmRzLXN2Zy1pY29ucyc7XG5pbXBvcnQgeyBmYUF0IH0gZnJvbSAnQGZvcnRhd2Vzb21lL2ZyZWUtc29saWQtc3ZnLWljb25zJztcbmltcG9ydCB7IE91dGJvdW5kTGluayB9IGZyb20gJ2dhdHNieS1wbHVnaW4tZ29vZ2xlLWFuYWx5dGljcyc7XG5pbXBvcnQgQm94IGZyb20gJy4uL0JveCc7XG5cbmxpYnJhcnkuYWRkKGZhYik7XG5cbmNvbnN0IGZvb3RlclN0eWxlID0gY3NzYFxuICBtYXJnaW46IDIwcHggMHB4O1xuICBib3JkZXItdG9wOiAycHggIzAwMCBkYXNoZWQ7XG5cbiAgJiBhIHtcbiAgICBib3gtc2hhZG93OiBub25lO1xuICB9XG5cbiAgJiBhOmhvdmVyIHtcbiAgICBjb2xvcjogcmdiYSgwLCA5NiwgMTkzLCAwLjI1KTtcbiAgfVxuYDtcblxuY29uc3QgaWNvblN0eWxlcyA9IGNzc2BcbiAgbWFyZ2luOiAwIDIwcHg7XG5gO1xuXG5jb25zdCBGb290ZXIgPSAoeyBuYW1lLCBlbWFpbCwgdHdpdHRlciwgaW5zdGFncmFtLCBsaW5rZWRpbiwgZ2l0bGFiIH0pID0+IChcbiAgPGRpdiBjc3M9e2Zvb3RlclN0eWxlfT5cbiAgICA8Qm94IHB4PXtbMywgMywgMV19IGFsaWduPVwiY2VudGVyXCIgbXQ9ezIwfT5cbiAgICAgIDxzcGFuPntgQ29weXJpZ2h0IMKpIDIwMTggJHtuYW1lfS4gU2F5IGhlbGxvIPCfkYsgYH08L3NwYW4+XG4gICAgICA8T3V0Ym91bmRMaW5rIGhyZWY9e2VtYWlsfSB0YXJnZXQ9XCJfYmxhbmtcIj5cbiAgICAgICAgPEZvbnRBd2Vzb21lSWNvbiBpY29uPXtmYUF0fSBjc3M9e2ljb25TdHlsZXN9IC8+XG4gICAgICA8L091dGJvdW5kTGluaz5cbiAgICAgIDxPdXRib3VuZExpbmsgaHJlZj17dHdpdHRlcn0gdGFyZ2V0PVwiX2JsYW5rXCI+XG4gICAgICAgIDxGb250QXdlc29tZUljb24gaWNvbj17WydmYWInLCAndHdpdHRlciddfSBjc3M9e2ljb25TdHlsZXN9IC8+XG4gICAgICA8L091dGJvdW5kTGluaz5cbiAgICAgIDxPdXRib3VuZExpbmsgaHJlZj17aW5zdGFncmFtfSB0YXJnZXQ9XCJfYmxhbmtcIj5cbiAgICAgICAgPEZvbnRBd2Vzb21lSWNvbiBpY29uPXtbJ2ZhYicsICdpbnN0YWdyYW0nXX0gY3NzPXtpY29uU3R5bGVzfSAvPlxuICAgICAgPC9PdXRib3VuZExpbms+XG4gICAgICA8T3V0Ym91bmRMaW5rIGhyZWY9e2xpbmtlZGlufSB0YXJnZXQ9XCJfYmxhbmtcIj5cbiAgICAgICAgPEZvbnRBd2Vzb21lSWNvbiBpY29uPXtbJ2ZhYicsICdsaW5rZWRpbiddfSBjc3M9e2ljb25TdHlsZXN9IC8+XG4gICAgICA8L091dGJvdW5kTGluaz5cbiAgICAgIDxPdXRib3VuZExpbmsgaHJlZj17Z2l0bGFifSB0YXJnZXQ9XCJfYmxhbmtcIj5cbiAgICAgICAgPEZvbnRBd2Vzb21lSWNvbiBpY29uPXtbJ2ZhYicsICdnaXRsYWInXX0gY3NzPXtpY29uU3R5bGVzfSAvPlxuICAgICAgPC9PdXRib3VuZExpbms+XG4gICAgPC9Cb3g+XG4gIDwvZGl2PlxuKTtcblxuRm9vdGVyLnByb3BUeXBlcyA9IHtcbiAgbmFtZTogUHJvcFR5cGVzLnN0cmluZyxcbiAgZW1haWw6IFByb3BUeXBlcy5zdHJpbmcsXG4gIHR3aXR0ZXI6IFByb3BUeXBlcy5zdHJpbmcsXG4gIGluc3RhZ3JhbTogUHJvcFR5cGVzLnN0cmluZyxcbiAgZ2l0bGFiOiBQcm9wVHlwZXMuc3RyaW5nLFxuICBsaW5rZWRpbjogUHJvcFR5cGVzLnN0cmluZ1xufTtcblxuRm9vdGVyLmRlZmF1bHRQcm9wcyA9IHtcbiAgbmFtZTogJ0Nhcm9saW5hIEdpbGFiZXJ0JyxcbiAgZW1haWw6ICdtYWlsdG86Y2Fyb2xnaWxhYmVydEBnbWFpbC5jb20nLFxuICB0d2l0dGVyOiAnaHR0cHM6Ly90d2l0dGVyLmNvbS9DYXJvbFNheXNUaGluZ3MnLFxuICBpbnN0YWdyYW06ICdodHRwczovL3d3dy5pbnN0YWdyYW0uY29tL2Nhcm9sZ2lsYWJlcnQnLFxuICBnaXRsYWI6ICdodHRwczovL2dpdGxhYi5jb20vY2Fyb2xnaWxhYmVydCcsXG4gIGxpbmtlZGluOiAnaHR0cHM6Ly93d3cubGlua2VkaW4uY29tL2luL2Nhcm9sZ2lsYWJlcnQnXG59O1xuXG5leHBvcnQgZGVmYXVsdCBGb290ZXI7XG4iXX0= */",
            "name": "1lvq3h1-iconStyles",
            "styles": "margin:0 20px;label:iconStyles;",
          }
        }
        icon={
          Array [
            "fab",
            "gitlab",
          ]
        }
      />
    </OutboundLink>
  </Box>
</ForwardRef(render)>
`;
